******************************************************************************
                  TI ARM Linker PC v18.12.1                    
******************************************************************************
>> Linked Wed Nov 13 22:49:26 2019

OUTPUT FILE NAME:   <SUS_Workshop.out>
ENTRY POINT SYMBOL: "_c_int00_noargs"  address: 00000855


MEMORY CONFIGURATION

         name            origin    length      used     unused   attr    fill
----------------------  --------  ---------  --------  --------  ----  --------
  FLASH                 00000000   00040000  00000afc  0003f504  R  X
  SRAM                  20000000   00008000  00000470  00007b90  RW X


SEGMENT ALLOCATION MAP

run origin  load origin   length   init length attrs members
----------  ----------- ---------- ----------- ----- -------
00000000    00000000    00000afc   00000afc    r-x
  00000000    00000000    0000026c   0000026c    r-- .intvecs
  0000026c    0000026c    000006f0   000006f0    r-x .text
  0000095c    0000095c    0000017c   0000017c    r-- .const
  00000ad8    00000ad8    00000024   00000024    r-- .cinit
20000000    20000000    00000470   00000000    rw-
  20000000    20000000    0000026c   00000000    rw- .vtable
  2000026c    2000026c    00000004   00000000    rw- .bss
  20000270    20000270    00000200   00000000    rw- .stack


SECTION ALLOCATION MAP

 output                                  attributes/
section   page    origin      length       input sections
--------  ----  ----------  ----------   ----------------
.intvecs   0    00000000    0000026c     
                  00000000    0000026c     tm4c123gh6pm_startup_ccs.obj (.intvecs)

.text      0    0000026c    000006f0     
                  0000026c    00000132     driverlib.lib : gpio.obj (.text:GPIOPadConfigSet)
                  0000039e    00000002     --HOLE-- [fill = 0]
                  000003a0    00000110                   : sysctl.obj (.text:SysCtlClockGet)
                  000004b0    000000f4                   : sysctl.obj (.text:SysCtlClockSet)
                  000005a4    000000f0     main.obj (.text)
                  00000694    00000068     driverlib.lib : interrupt.obj (.text:IntEnable)
                  000006fc    00000060                   : timer.obj (.text:TimerConfigure)
                  0000075c    0000004c                   : timer.obj (.text:_TimerIntNumberGet)
                  000007a8    00000044     rtsv7M4_T_le_v4SPD16_eabi.lib : autoinit.c.obj (.text:__TI_auto_init_nobinit_nopinit:__TI_auto_init_nobinit_nopinit)
                  000007ec    00000034     driverlib.lib : interrupt.obj (.text:IntRegister)
                  00000820    00000034                   : sysctl.obj (.text:SysCtlPeripheralEnable)
                  00000854    00000034     rtsv7M4_T_le_v4SPD16_eabi.lib : boot_cortex_m.c.obj (.text:_c_int00_noargs:_c_int00_noargs)
                  00000888    0000002a     driverlib.lib : gpio.obj (.text:GPIODirModeSet)
                  000008b2    00000018                   : gpio.obj (.text:GPIOPinTypeGPIOOutput)
                  000008ca    00000018                   : timer.obj (.text:TimerIntRegister)
                  000008e2    00000012                   : timer.obj (.text:TimerLoadSet)
                  000008f4    00000012     rtsv7M4_T_le_v4SPD16_eabi.lib : copy_zero_init.c.obj (.text:decompress:ZI:__TI_zero_init_nomemset:__TI_zero_init_nomemset)
                  00000906    00000010     driverlib.lib : interrupt.obj (.text:IntMasterEnable)
                  00000916    0000000e                   : timer.obj (.text:TimerEnable)
                  00000924    0000000c                   : cpu.obj (.text:CPUcpsie)
                  00000930    0000000c     tm4c123gh6pm_startup_ccs.obj (.text)
                  0000093c    00000008     driverlib.lib : timer.obj (.text:TimerIntEnable)
                  00000944    00000006                   : gpio.obj (.text:GPIOPinWrite)
                  0000094a    00000006                   : sysctl.obj (.text:SysCtlDelay)
                  00000950    00000004                   : timer.obj (.text:TimerIntClear)
                  00000954    00000004     rtsv7M4_T_le_v4SPD16_eabi.lib : pre_init.c.obj (.text:_system_pre_init)
                  00000958    00000004                                   : exit.c.obj (.text:abort:abort)

.const     0    0000095c    0000017c     
                  0000095c    00000070     driverlib.lib : interrupt.obj (.const)
                  000009cc    0000006c                   : sysctl.obj (.const:g_pui32Xtals)
                  00000a38    00000060                   : timer.obj (.const:g_ppui32TimerIntMap)
                  00000a98    00000040                   : timer.obj (.const:g_ppui32TimerIntMapSnowflake)

.cinit     0    00000ad8    00000024     
                  00000ad8    00000008     (.cinit..bss.load) [load image, compression = zero_init]
                  00000ae0    00000008     (.cinit..vtable.load) [load image, compression = zero_init]
                  00000ae8    00000004     (__TI_handler_table)
                  00000aec    00000010     (__TI_cinit_table)

.init_array 
*          0    00000000    00000000     UNINITIALIZED

.vtable    0    20000000    0000026c     UNINITIALIZED
                  20000000    0000026c     driverlib.lib : interrupt.obj (.vtable)

.bss       0    2000026c    00000004     UNINITIALIZED
                  2000026c    00000004     (.common:systemTime_ms)

.stack     0    20000270    00000200     UNINITIALIZED
                  20000270    00000004     rtsv7M4_T_le_v4SPD16_eabi.lib : boot_cortex_m.c.obj (.stack)
                  20000274    000001fc     --HOLE--

MODULE SUMMARY

       Module                         code   ro data   rw data
       ------                         ----   -------   -------
    .\
       tm4c123gh6pm_startup_ccs.obj   12     620       0      
       main.obj                       240    0         4      
    +--+------------------------------+------+---------+---------+
       Total:                         252    620       4      
                                                              
    ../driverlib.lib
       interrupt.obj                  172    112       620    
       sysctl.obj                     574    108       0      
       timer.obj                      240    160       0      
       gpio.obj                       378    0         0      
       cpu.obj                        12     0         0      
    +--+------------------------------+------+---------+---------+
       Total:                         1376   380       620    
                                                              
    D:\KIT Software\TI\ccs\tools\compiler\ti-cgt-arm_18.12.1.LTS\lib\rtsv7M4_T_le_v4SPD16_eabi.lib
       autoinit.c.obj                 68     0         0      
       boot_cortex_m.c.obj            52     0         0      
       copy_zero_init.c.obj           18     0         0      
       exit.c.obj                     4      0         0      
       pre_init.c.obj                 4      0         0      
    +--+------------------------------+------+---------+---------+
       Total:                         146    0         0      
                                                              
       Stack:                         0      0         512    
       Linker Generated:              0      36        0      
    +--+------------------------------+------+---------+---------+
       Grand Total:                   1774   1036      1136   


LINKER GENERATED COPY TABLES

__TI_cinit_table @ 00000aec records: 2, size/record: 8, table size: 16
	.bss: load addr=00000ad8, load size=00000008 bytes, run addr=2000026c, run size=00000004 bytes, compression=zero_init
	.vtable: load addr=00000ae0, load size=00000008 bytes, run addr=20000000, run size=0000026c bytes, compression=zero_init


LINKER GENERATED HANDLER TABLE

__TI_handler_table @ 00000ae8 records: 1, size/record: 4, table size: 4
	index: 0, handler: __TI_zero_init


GLOBAL SYMBOLS: SORTED ALPHABETICALLY BY Name 

address   name                          
-------   ----                          
00000959  C$$EXIT                       
00000925  CPUcpsie                      
00000889  GPIODirModeSet                
0000026d  GPIOPadConfigSet              
000008b3  GPIOPinTypeGPIOOutput         
00000945  GPIOPinWrite                  
00000695  IntEnable                     
00000907  IntMasterEnable               
000007ed  IntRegister                   
000005a5  InterruptHandlerTimer0A       
00000931  ResetISR                      
000003a1  SysCtlClockGet                
000004b1  SysCtlClockSet                
0000094b  SysCtlDelay                   
00000821  SysCtlPeripheralEnable        
000006fd  TimerConfigure                
00000917  TimerEnable                   
00000951  TimerIntClear                 
0000093d  TimerIntEnable                
000008cb  TimerIntRegister              
000008e3  TimerLoadSet                  
20000470  __STACK_END                   
00000200  __STACK_SIZE                  
20000470  __STACK_TOP                   
00000aec  __TI_CINIT_Base               
00000afc  __TI_CINIT_Limit              
00000ae8  __TI_Handler_Table_Base       
00000aec  __TI_Handler_Table_Limit      
000007a9  __TI_auto_init_nobinit_nopinit
ffffffff  __TI_pprof_out_hndl           
ffffffff  __TI_prof_data_size           
ffffffff  __TI_prof_data_start          
00000000  __TI_static_base__            
000008f5  __TI_zero_init_nomemset       
ffffffff  __binit__                     
ffffffff  __c_args__                    
UNDEFED   __mpu_init                    
20000270  __stack                       
00000855  _c_int00_noargs               
UNDEFED   _system_post_cinit            
00000955  _system_pre_init              
00000959  abort                         
ffffffff  binit                         
000005b9  clockSetup                    
0000060f  delay_ms                      
20000000  g_pfnRAMVectors               
00000000  g_pfnVectors                  
00000637  main                          
2000026c  systemTime_ms                 


GLOBAL SYMBOLS: SORTED BY Symbol Address 

address   name                          
-------   ----                          
00000000  __TI_static_base__            
00000000  g_pfnVectors                  
00000200  __STACK_SIZE                  
0000026d  GPIOPadConfigSet              
000003a1  SysCtlClockGet                
000004b1  SysCtlClockSet                
000005a5  InterruptHandlerTimer0A       
000005b9  clockSetup                    
0000060f  delay_ms                      
00000637  main                          
00000695  IntEnable                     
000006fd  TimerConfigure                
000007a9  __TI_auto_init_nobinit_nopinit
000007ed  IntRegister                   
00000821  SysCtlPeripheralEnable        
00000855  _c_int00_noargs               
00000889  GPIODirModeSet                
000008b3  GPIOPinTypeGPIOOutput         
000008cb  TimerIntRegister              
000008e3  TimerLoadSet                  
000008f5  __TI_zero_init_nomemset       
00000907  IntMasterEnable               
00000917  TimerEnable                   
00000925  CPUcpsie                      
00000931  ResetISR                      
0000093d  TimerIntEnable                
00000945  GPIOPinWrite                  
0000094b  SysCtlDelay                   
00000951  TimerIntClear                 
00000955  _system_pre_init              
00000959  C$$EXIT                       
00000959  abort                         
00000ae8  __TI_Handler_Table_Base       
00000aec  __TI_CINIT_Base               
00000aec  __TI_Handler_Table_Limit      
00000afc  __TI_CINIT_Limit              
20000000  g_pfnRAMVectors               
2000026c  systemTime_ms                 
20000270  __stack                       
20000470  __STACK_END                   
20000470  __STACK_TOP                   
ffffffff  __TI_pprof_out_hndl           
ffffffff  __TI_prof_data_size           
ffffffff  __TI_prof_data_start          
ffffffff  __binit__                     
ffffffff  __c_args__                    
ffffffff  binit                         
UNDEFED   __mpu_init                    
UNDEFED   _system_post_cinit            

[49 symbols]
